// Jest Snapshot v1, https://goo.gl/fbAQLP

exports[`<App /> renders correctly 1`] = `
<View
  style={
    Object {
      "alignItems": "center",
      "backgroundColor": "#214192",
      "flex": 1,
      "justifyContent": "center",
    }
  }
>
  <Text
    style={
      Object {
        "backgroundColor": "#00ff8f",
        "borderColor": "#223",
        "borderRadius": 100,
        "borderWidth": 4,
        "color": "#223",
        "fontSize": 40,
        "fontWeight": "bold",
        "height": 150,
        "paddingVertical": 40,
        "position": "absolute",
        "textAlign": "center",
        "top": 100,
        "width": 150,
      }
    }
  >
    Logo
  </Text>
  <Text
    style={
      Object {
        "color": "#eee",
        "fontSize": 30,
      }
    }
  >
    Hello World from app.js!
  </Text>
</View>
`;
